[0m17:49:49.887947 [debug] [MainThread]: Sending event: {'category': 'dbt', 'action': 'invocation', 'label': 'start', 'context': [<snowplow_tracker.self_describing_json.SelfDescribingJson object at 0x0000020B7B6E03D0>, <snowplow_tracker.self_describing_json.SelfDescribingJson object at 0x0000020B7B48B110>, <snowplow_tracker.self_describing_json.SelfDescribingJson object at 0x0000020B7B48B550>]}


============================== 17:49:49.894881 | eb4b2a82-44ee-4095-8a66-26a489f1cb3e ==============================
[0m17:49:49.894881 [info ] [MainThread]: Running with dbt=1.11.3
[0m17:49:49.895883 [debug] [MainThread]: running dbt with arguments {'version_check': 'True', 'no_print': 'None', 'static_parser': 'True', 'target_path': 'None', 'warn_error_options': 'WarnErrorOptionsV2(error=[], warn=[], silence=[])', 'printer_width': '80', 'write_json': 'True', 'empty': 'None', 'log_cache_events': 'False', 'introspect': 'True', 'cache_selected_only': 'False', 'fail_fast': 'False', 'debug': 'False', 'log_format': 'default', 'profiles_dir': 'C:\\Users\\justi\\.dbt', 'send_anonymous_usage_stats': 'True', 'quiet': 'False', 'warn_error': 'None', 'partial_parse': 'True', 'use_colors': 'True', 'indirect_selection': 'eager', 'invocation_command': 'dbt init dbt', 'use_experimental_parser': 'False', 'log_path': 'logs'}
[0m17:50:00.657001 [debug] [MainThread]: Starter project path: C:\Users\justi\Documents\coding-projects\personal_fin\env\Lib\site-packages\dbt\include\starter_project
[0m17:50:00.772559 [info ] [MainThread]: 
Your new dbt project "personal_finance" was created!

For more information on how to configure the profiles.yml file,
please consult the dbt documentation here:

  https://docs.getdbt.com/docs/configure-your-profile

One more thing:

Need help? Don't hesitate to reach out to us via GitHub issues or on Slack:

  https://community.getdbt.com/

Happy modeling!

[0m17:50:00.773800 [info ] [MainThread]: Setting up your profile.
[0m17:51:24.115760 [info ] [MainThread]: Profile personal_finance written to C:\Users\justi\.dbt\profiles.yml using target's profile_template.yml and your supplied values. Run 'dbt debug' to validate the connection.
[0m17:51:24.118792 [debug] [MainThread]: Command `dbt init` succeeded at 17:51:24.117783 after 94.41 seconds
[0m17:51:24.119718 [debug] [MainThread]: Sending event: {'category': 'dbt', 'action': 'invocation', 'label': 'end', 'context': [<snowplow_tracker.self_describing_json.SelfDescribingJson object at 0x0000020B761D4F10>, <snowplow_tracker.self_describing_json.SelfDescribingJson object at 0x0000020B7620E390>, <snowplow_tracker.self_describing_json.SelfDescribingJson object at 0x0000020B7620D690>]}
[0m17:51:24.120712 [debug] [MainThread]: Flushing usage events
[0m17:51:25.224756 [debug] [MainThread]: An error was encountered while trying to flush usage events
[0m17:51:40.719806 [debug] [MainThread]: Sending event: {'category': 'dbt', 'action': 'invocation', 'label': 'start', 'context': [<snowplow_tracker.self_describing_json.SelfDescribingJson object at 0x000001B7DD83C790>, <snowplow_tracker.self_describing_json.SelfDescribingJson object at 0x000001B7DD7E0210>, <snowplow_tracker.self_describing_json.SelfDescribingJson object at 0x000001B7DD83E390>]}


============================== 17:51:40.725842 | 27e82411-bf3a-403f-9b7b-0267d84dcacc ==============================
[0m17:51:40.725842 [info ] [MainThread]: Running with dbt=1.11.3
[0m17:51:40.727805 [debug] [MainThread]: running dbt with arguments {'static_parser': 'True', 'no_print': 'None', 'version_check': 'True', 'target_path': 'None', 'warn_error_options': 'WarnErrorOptionsV2(error=[], warn=[], silence=[])', 'printer_width': '80', 'write_json': 'True', 'introspect': 'True', 'log_cache_events': 'False', 'empty': 'None', 'cache_selected_only': 'False', 'log_format': 'default', 'debug': 'False', 'fail_fast': 'False', 'profiles_dir': 'C:\\Users\\justi\\.dbt', 'send_anonymous_usage_stats': 'True', 'quiet': 'False', 'warn_error': 'None', 'partial_parse': 'True', 'invocation_command': 'dbt debug', 'use_colors': 'True', 'indirect_selection': 'eager', 'use_experimental_parser': 'False', 'log_path': 'logs'}
[0m17:51:40.765741 [info ] [MainThread]: dbt version: 1.11.3
[0m17:51:40.766741 [info ] [MainThread]: python version: 3.11.0
[0m17:51:40.766741 [info ] [MainThread]: python path: C:\Users\justi\Documents\coding-projects\personal_fin\env\Scripts\python.exe
[0m17:51:40.767740 [info ] [MainThread]: os info: Windows-10-10.0.26200-SP0
[0m17:51:57.251412 [info ] [MainThread]: Error importing adapter: No module named 'dbt.adapters.postgres'
[0m17:51:57.253415 [info ] [MainThread]: Using profiles dir at C:\Users\justi\.dbt
[0m17:51:57.254414 [info ] [MainThread]: Using profiles.yml file at C:\Users\justi\.dbt\profiles.yml
[0m17:51:57.255414 [info ] [MainThread]: Using dbt_project.yml file at C:\Users\justi\Documents\coding-projects\personal_fin\dbt_project.yml
[0m17:51:57.256415 [info ] [MainThread]: Configuration:
[0m17:51:57.258418 [info ] [MainThread]:   profiles.yml file [[31mERROR invalid[0m]
[0m17:51:57.259416 [info ] [MainThread]:   dbt_project.yml file [[31mERROR not found[0m]
[0m17:51:57.261418 [info ] [MainThread]: Required dependencies:
[0m17:51:57.263420 [debug] [MainThread]: Executing "git --help"
[0m17:51:57.573414 [debug] [MainThread]: STDOUT: "b"usage: git [-v | --version] [-h | --help] [-C <path>] [-c <name>=<value>]\n           [--exec-path[=<path>]] [--html-path] [--man-path] [--info-path]\n           [-p | --paginate | -P | --no-pager] [--no-replace-objects] [--bare]\n           [--git-dir=<path>] [--work-tree=<path>] [--namespace=<name>]\n           [--super-prefix=<path>] [--config-env=<name>=<envvar>]\n           <command> [<args>]\n\nThese are common Git commands used in various situations:\n\nstart a working area (see also: git help tutorial)\n   clone     Clone a repository into a new directory\n   init      Create an empty Git repository or reinitialize an existing one\n\nwork on the current change (see also: git help everyday)\n   add       Add file contents to the index\n   mv        Move or rename a file, a directory, or a symlink\n   restore   Restore working tree files\n   rm        Remove files from the working tree and from the index\n\nexamine the history and state (see also: git help revisions)\n   bisect    Use binary search to find the commit that introduced a bug\n   diff      Show changes between commits, commit and working tree, etc\n   grep      Print lines matching a pattern\n   log       Show commit logs\n   show      Show various types of objects\n   status    Show the working tree status\n\ngrow, mark and tweak your common history\n   branch    List, create, or delete branches\n   commit    Record changes to the repository\n   merge     Join two or more development histories together\n   rebase    Reapply commits on top of another base tip\n   reset     Reset current HEAD to the specified state\n   switch    Switch branches\n   tag       Create, list, delete or verify a tag object signed with GPG\n\ncollaborate (see also: git help workflows)\n   fetch     Download objects and refs from another repository\n   pull      Fetch from and integrate with another repository or a local branch\n   push      Update remote refs along with associated objects\n\n'git help -a' and 'git help -g' list available subcommands and some\nconcept guides. See 'git help <command>' or 'git help <concept>'\nto read about a specific subcommand or concept.\nSee 'git help git' for an overview of the system.\n""
[0m17:51:57.574422 [debug] [MainThread]: STDERR: "b''"
[0m17:51:57.576415 [info ] [MainThread]:  - git [[32mOK found[0m]

[0m17:51:57.577419 [info ] [MainThread]: Connection test skipped since no profile was found
[0m17:51:57.579420 [info ] [MainThread]: [31m2 checks failed:[0m
[0m17:51:57.581418 [info ] [MainThread]: Could not load dbt_project.yml
Profile loading failed for the following reason:
Runtime Error
  Credentials in profile "prism_dbt", target "dev" invalid: Runtime Error
    Could not find adapter type postgres!


[0m17:51:57.582422 [info ] [MainThread]: Project loading failed for the following reason:
 project path <C:\Users\justi\Documents\coding-projects\personal_fin\dbt_project.yml> not found

[0m17:51:57.586415 [debug] [MainThread]: Command `dbt debug` failed at 17:51:57.586415 after 17.03 seconds
[0m17:51:57.587427 [debug] [MainThread]: Sending event: {'category': 'dbt', 'action': 'invocation', 'label': 'end', 'context': [<snowplow_tracker.self_describing_json.SelfDescribingJson object at 0x000001B7D82E4ED0>, <snowplow_tracker.self_describing_json.SelfDescribingJson object at 0x000001B7FA607E90>, <snowplow_tracker.self_describing_json.SelfDescribingJson object at 0x000001B7DCFCB790>]}
[0m17:51:57.589420 [debug] [MainThread]: Flushing usage events
[0m17:51:58.571999 [debug] [MainThread]: An error was encountered while trying to flush usage events
